Operating system: Linux
                  0.0.0 Linux 3.10.0-1160.119.1.el7.x86_64 #1 SMP Tue May 14 11:55:25 EDT 2024 x86_64
CPU: amd64
     family 6 model 85 stepping 7
     1 CPU

GPU: UNKNOWN

Crash reason:  DUMP_REQUESTED
Crash address: 0x7fa05acf3406
Process uptime: not available

Thread 0 (crashed)
 0  libcbreakpad.so + 0x36406
    rax = 0x00000000009258fb   rdx = 0x0000000000000000
    rcx = 0x00007fa05acf1cb2   rbx = 0x00007ffcdfc77b20
    rsi = 0x0000000000000001   rdi = 0x00007ffcdfc774a8
    rbp = 0x00007ffcdfc77a60   rsp = 0x00007ffcdfc77410
     r8 = 0x0000000000000000    r9 = 0x0000000000000000
    r10 = 0x000000770000006e   r11 = 0x0000000000000000
    r12 = 0x0000000000000000   r13 = 0x00007ffcdfc77e08
    r14 = 0x00007ffcdfc77aa0   r15 = 0x0000000000000000
    rip = 0x00007fa05acf3406
    Found by: given as instruction pointer in context
 1  libcbreakpad.so + 0x34672
    rbp = 0x00007ffcdfc77bb0   rsp = 0x00007ffcdfc77a70
    rip = 0x00007fa05acf1672
    Found by: previous frame's frame pointer
 2  xrun + 0x543700
    rbp = 0x00007ffcdfc77bb0   rsp = 0x00007ffcdfc77a78
    rip = 0x0000000000943700
    Found by: stack scanning
 3  xrun + 0x6d3e0
    rbp = 0x00007ffcdfc77bb0   rsp = 0x00007ffcdfc77ba8
    rip = 0x00000000015543e0
    Found by: stack scanning
 4  libc-2.17.so + 0x204400
    rbp = 0x00007ffcdfc77bb0   rsp = 0x00007ffcdfc77bb0
    rip = 0x00007fa05c730400
    Found by: stack scanning
 5  xrun + 0x545819
    rsp = 0x00007ffcdfc77bc0   rip = 0x0000000000945819
    Found by: stack scanning
 6  ld-2.17.so + 0xedee
    rsp = 0x00007ffcdfc77bd0   rip = 0x00007fa05d555dee
    Found by: stack scanning
 7  xrun + 0x1c4280
    rsp = 0x00007ffcdfc77be8   rip = 0x00000000016ab280
    Found by: stack scanning
 8  libc-2.17.so + 0x9a10
    rsp = 0x00007ffcdfc77bf0   rip = 0x00007fa05c371a10
    Found by: stack scanning
 9  ld-2.17.so + 0x16aaa
    rsp = 0x00007ffcdfc77c00   rip = 0x00007fa05d55daaa
    Found by: stack scanning
10  xrun + 0xd4f1b3
    rsp = 0x00007ffcdfc77c18   rip = 0x000000000114f1b3
    Found by: stack scanning
11  libc-2.17.so + 0x203760
    rsp = 0x00007ffcdfc77cd0   rip = 0x00007fa05c72f760
    Found by: stack scanning
12  xrun + 0x6eb620
    rsp = 0x00007ffcdfc77cf0   rip = 0x0000000000aeb620
    Found by: stack scanning
13  xrun + 0x6eb620
    rsp = 0x00007ffcdfc77cf8   rip = 0x0000000000aeb620
    Found by: stack scanning
14  libc-2.17.so + 0x8578c
    rsp = 0x00007ffcdfc77d00   rip = 0x00007fa05c3ed78c
    Found by: stack scanning
15  libc-2.17.so + 0x203760
    rsp = 0x00007ffcdfc77d10   rip = 0x00007fa05c72f760
    Found by: stack scanning
16  libc-2.17.so + 0x8578c
    rsp = 0x00007ffcdfc77d40   rip = 0x00007fa05c3ed78c
    Found by: stack scanning
17  xrun + 0x6eb5d1
    rsp = 0x00007ffcdfc77d60   rip = 0x0000000000aeb5d1
    Found by: stack scanning
18  xrun + 0x6ebc15
    rsp = 0x00007ffcdfc77d70   rip = 0x0000000000aebc15
    Found by: stack scanning
19  xrun + 0x6ee9a0
    rsp = 0x00007ffcdfc77d78   rip = 0x0000000000aee9a0
    Found by: stack scanning
20  xrun + 0x6ee9b0
    rsp = 0x00007ffcdfc77d80   rip = 0x0000000000aee9b0
    Found by: stack scanning
21  xrun + 0x6eb5c0
    rsp = 0x00007ffcdfc77d88   rip = 0x0000000000aeb5c0
    Found by: stack scanning
22  xrun + 0x6ec6f0
    rsp = 0x00007ffcdfc77d90   rip = 0x0000000000aec6f0
    Found by: stack scanning
23  xrun + 0x6eb5c0
    rsp = 0x00007ffcdfc77da8   rip = 0x0000000000aeb5c0
    Found by: stack scanning
24  xrun + 0x6eb620
    rsp = 0x00007ffcdfc77db0   rip = 0x0000000000aeb620
    Found by: stack scanning
25  xrun + 0x6ee9a0
    rsp = 0x00007ffcdfc77db8   rip = 0x0000000000aee9a0
    Found by: stack scanning
26  libc-2.17.so + 0x39226
    rsp = 0x00007ffcdfc77dc0   rip = 0x00007fa05c3a1226
    Found by: stack scanning
27  xrun + 0x6d3e0
    rsp = 0x00007ffcdfc77dd0   rip = 0x00000000015543e0
    Found by: stack scanning
28  xrun + 0x6d3e0
    rsp = 0x00007ffcdfc77dd8   rip = 0x00000000015543e0
    Found by: stack scanning
29  libc-2.17.so + 0x204400
    rsp = 0x00007ffcdfc77df8   rip = 0x00007fa05c730400
    Found by: stack scanning
30  xrun + 0x5475c5
    rsp = 0x00007ffcdfc77e00   rip = 0x00000000009475c5
    Found by: stack scanning
31  xrun + 0xd67142
    rsp = 0x00007ffcdfc77e30   rip = 0x0000000001167142
    Found by: stack scanning
32  xrun + 0x6ee9a0
    rsp = 0x00007ffcdfc77e58   rip = 0x0000000000aee9a0
    Found by: stack scanning
33  xrun + 0x6ee9b0
    rsp = 0x00007ffcdfc77e60   rip = 0x0000000000aee9b0
    Found by: stack scanning
34  xrun + 0x6eb5c0
    rsp = 0x00007ffcdfc77e70   rip = 0x0000000000aeb5c0
    Found by: stack scanning
35  xrun + 0x6eb620
    rsp = 0x00007ffcdfc77e78   rip = 0x0000000000aeb620
    Found by: stack scanning
36  xrun + 0x6ec6f0
    rsp = 0x00007ffcdfc77e90   rip = 0x0000000000aec6f0
    Found by: stack scanning
37  xrun + 0x6ec15d
    rsp = 0x00007ffcdfc77eb0   rip = 0x0000000000aec15d
    Found by: stack scanning
38  xrun + 0x6ec5e0
    rsp = 0x00007ffcdfc77ec0   rip = 0x0000000000aec5e0
    Found by: stack scanning
39  xrun + 0x5462c9
    rsp = 0x00007ffcdfc77ee0   rip = 0x00000000009462c9
    Found by: stack scanning
40  xrun + 0x6d3e0
    rsp = 0x00007ffcdfc77f00   rip = 0x00000000015543e0
    Found by: stack scanning
41  libc-2.17.so + 0x200440
    rsp = 0x00007ffcdfc77f30   rip = 0x00007fa05c72c440
    Found by: stack scanning
42  libc-2.17.so + 0x4d2cd
    rsp = 0x00007ffcdfc77f88   rip = 0x00007fa05c3b52cd
    Found by: stack scanning
43  libc-2.17.so + 0x4d2cd
    rsp = 0x00007ffcdfc77fa8   rip = 0x00007fa05c3b52cd
    Found by: stack scanning
44  xrun + 0xd4f1b3
    rsp = 0x00007ffcdfc77fd8   rip = 0x000000000114f1b3
    Found by: stack scanning
45  xrun + 0xd4f1c5
    rsp = 0x00007ffcdfc77ff8   rip = 0x000000000114f1c5
    Found by: stack scanning
46  libc-2.17.so + 0x311e5
    rsp = 0x00007ffcdfc78010   rip = 0x00007fa05c3991e5
    Found by: stack scanning
47  libc-2.17.so + 0x48043
    rsp = 0x00007ffcdfc78018   rip = 0x00007fa05c3b0043
    Found by: stack scanning
48  libc-2.17.so + 0x392d2
    rsp = 0x00007ffcdfc78020   rip = 0x00007fa05c3a12d2
    Found by: stack scanning
49  libc-2.17.so + 0x30f16
    rsp = 0x00007ffcdfc78030   rip = 0x00007fa05c398f16
    Found by: stack scanning
50  xrun + 0x2f6d2e
    rsp = 0x00007ffcdfc78048   rip = 0x00000000006f6d2e
    Found by: stack scanning
51  libc-2.17.so + 0x204400
    rsp = 0x00007ffcdfc78050   rip = 0x00007fa05c730400
    Found by: stack scanning
52  libc-2.17.so + 0x30e7e
    rsp = 0x00007ffcdfc78060   rip = 0x00007fa05c398e7e
    Found by: stack scanning
53  libc-2.17.so + 0x204400
    rsp = 0x00007ffcdfc78070   rip = 0x00007fa05c730400
    Found by: stack scanning
54  libc-2.17.so + 0x30ba3
    rsp = 0x00007ffcdfc78080   rip = 0x00007fa05c398ba3
    Found by: stack scanning
55  libc-2.17.so + 0x7a2f3
    rsp = 0x00007ffcdfc780a0   rip = 0x00007fa05c3e22f3
    Found by: stack scanning
56  libc-2.17.so + 0x187f7c
    rsp = 0x00007ffcdfc780d0   rip = 0x00007fa05c4eff7c
    Found by: stack scanning
57  libc-2.17.so + 0x18cbd0
    rsp = 0x00007ffcdfc780e8   rip = 0x00007fa05c4f4bd0
    Found by: stack scanning
58  libc-2.17.so + 0x188209
    rsp = 0x00007ffcdfc780f0   rip = 0x00007fa05c4f0209
    Found by: stack scanning
59  libc-2.17.so + 0x204400
    rsp = 0x00007ffcdfc78118   rip = 0x00007fa05c730400
    Found by: stack scanning
60  xrun + 0x5475c5
    rsp = 0x00007ffcdfc78120   rip = 0x00000000009475c5
    Found by: stack scanning
61  libc-2.17.so + 0x188209
    rsp = 0x00007ffcdfc78158   rip = 0x00007fa05c4f0209
    Found by: stack scanning
62  libc-2.17.so + 0x188209
    rsp = 0x00007ffcdfc78170   rip = 0x00007fa05c4f0209
    Found by: stack scanning
63  libc-2.17.so + 0x8ccde
    rsp = 0x00007ffcdfc78180   rip = 0x00007fa05c3f4cde
    Found by: stack scanning
64  libc-2.17.so + 0x204400
    rsp = 0x00007ffcdfc78190   rip = 0x00007fa05c730400
    Found by: stack scanning
65  libc-2.17.so + 0x204400
    rsp = 0x00007ffcdfc781d0   rip = 0x00007fa05c730400
    Found by: stack scanning
66  libc-2.17.so + 0x8cc1f
    rsp = 0x00007ffcdfc781e0   rip = 0x00007fa05c3f4c1f
    Found by: stack scanning
67  xrun + 0x4cf81f
    rsp = 0x00007ffcdfc78200   rip = 0x00000000008cf81f
    Found by: stack scanning
68  libc-2.17.so + 0x188209
    rsp = 0x00007ffcdfc78220   rip = 0x00007fa05c4f0209
    Found by: stack scanning
69  libc-2.17.so + 0x203760
    rsp = 0x00007ffcdfc78230   rip = 0x00007fa05c72f760
    Found by: stack scanning
70  libc-2.17.so + 0x86214
    rsp = 0x00007ffcdfc78260   rip = 0x00007fa05c3ee214
    Found by: stack scanning
71  xrun + 0x5258fb
    rsp = 0x00007ffcdfc78290   rip = 0x00000000009258fb
    Found by: stack scanning
72  xrun + 0x525950
    rsp = 0x00007ffcdfc782a0   rip = 0x0000000000925950
    Found by: stack scanning
73  xrun + 0x525b1d
    rsp = 0x00007ffcdfc782d0   rip = 0x0000000000925b1d
    Found by: stack scanning
74  xrun + 0x5363e7
    rsp = 0x00007ffcdfc78310   rip = 0x00000000009363e7
    Found by: stack scanning
75  libpthread-2.17.so + 0xf5e0
    rsp = 0x00007ffcdfc78348   rip = 0x00007fa05cc655e0
    Found by: stack scanning
76  libcbreakpad.so + 0x8858
    rsp = 0x00007ffcdfc78378   rip = 0x00007fa05acc5858
    Found by: stack scanning
77  xrun + 0x52ff33
    rsp = 0x00007ffcdfc78390   rip = 0x000000000092ff33
    Found by: stack scanning
78  libc-2.17.so + 0x2037b0
    rsp = 0x00007ffcdfc78430   rip = 0x00007fa05c72f7b0
    Found by: stack scanning
79  xrun + 0xd4f1b3
    rsp = 0x00007ffcdfc78498   rip = 0x000000000114f1b3
    Found by: stack scanning
80  libc-2.17.so + 0x78179
    rsp = 0x00007ffcdfc784c0   rip = 0x00007fa05c3e0179
    Found by: stack scanning
81  libc-2.17.so + 0xb5e4a
    rsp = 0x00007ffcdfc78540   rip = 0x00007fa05c41de4a
    Found by: stack scanning
82  libc-2.17.so + 0x204000
    rsp = 0x00007ffcdfc78560   rip = 0x00007fa05c730000
    Found by: stack scanning
83  libc-2.17.so + 0x203760
    rsp = 0x00007ffcdfc78580   rip = 0x00007fa05c72f760
    Found by: stack scanning
84  libc-2.17.so + 0x200080
    rsp = 0x00007ffcdfc785a0   rip = 0x00007fa05c72c080
    Found by: stack scanning
85  libc-2.17.so + 0x8638a
    rsp = 0x00007ffcdfc785b0   rip = 0x00007fa05c3ee38a
    Found by: stack scanning
86  xrun + 0xd4f1b3
    rsp = 0x00007ffcdfc785c8   rip = 0x000000000114f1b3
    Found by: stack scanning
87  xrun + 0x5258fb
    rsp = 0x00007ffcdfc785e0   rip = 0x00000000009258fb
    Found by: stack scanning
88  xrun + 0x525950
    rsp = 0x00007ffcdfc785f0   rip = 0x0000000000925950
    Found by: stack scanning
89  xrun + 0xd4f1b3
    rsp = 0x00007ffcdfc78608   rip = 0x000000000114f1b3
    Found by: stack scanning
90  xrun + 0x4ccd73
    rsp = 0x00007ffcdfc78620   rip = 0x00000000008ccd73
    Found by: stack scanning
91  xrun + 0x4d055d
    rsp = 0x00007ffcdfc78660   rip = 0x00000000008d055d
    Found by: stack scanning
92  libc-2.17.so + 0x204000
    rsp = 0x00007ffcdfc78688   rip = 0x00007fa05c730000
    Found by: stack scanning
93  xrun + 0xd52d46
    rsp = 0x00007ffcdfc786a0   rip = 0x0000000001152d46
    Found by: stack scanning
94  libc-2.17.so + 0x39226
    rsp = 0x00007ffcdfc78700   rip = 0x00007fa05c3a1226
    Found by: stack scanning
95  xrun + 0xc606b
    rsp = 0x00007ffcdfc78750   rip = 0x00000000004c606b
    Found by: stack scanning
96  ld-2.17.so + 0x6a8a
    rsp = 0x00007ffcdfc78770   rip = 0x00007fa05d54da8a
    Found by: stack scanning
97  xrun + 0x527a29
    rsp = 0x00007ffcdfc787a0   rip = 0x0000000000927a29
    Found by: stack scanning
98  xrun + 0xd0d06e
    rsp = 0x00007ffcdfc787e0   rip = 0x000000000110d06e
    Found by: stack scanning
99  xrun + 0x52ff33
    rsp = 0x00007ffcdfc787f0   rip = 0x000000000092ff33
    Found by: stack scanning
100  libstdc++.so.6.0.28 + 0xa67b5
    rsp = 0x00007ffcdfc788b0   rip = 0x00007fa05d61b7b5
    Found by: stack scanning
101  xrun + 0x75d083
    rsp = 0x00007ffcdfc788c0   rip = 0x0000000000b5d083
    Found by: stack scanning
102  xrun + 0x75c7c0
    rsp = 0x00007ffcdfc788f0   rip = 0x0000000000b5c7c0
    Found by: stack scanning
103  xrun + 0x21f08
    rsp = 0x00007ffcdfc788f8   rip = 0x0000000001508f08
    Found by: stack scanning
104  libc-2.17.so + 0x39f49
    rsp = 0x00007ffcdfc78900   rip = 0x00007fa05c3a1f49
    Found by: stack scanning
105  xrun + 0x1c0
    rsp = 0x00007ffcdfc78918   rip = 0x00000000014e71c0
    Found by: stack scanning
106  xrun + 0xa4d52
    rsp = 0x00007ffcdfc78920   rip = 0x00000000004a4d52
    Found by: stack scanning
107  ld-2.17.so + 0x866a
    rsp = 0x00007ffcdfc78a40   rip = 0x00007fa05d54f66a
    Found by: stack scanning
108  xrun + 0x527a29
    rsp = 0x00007ffcdfc78b10   rip = 0x0000000000927a29
    Found by: stack scanning
109  xrun + 0x6ec15d
    rsp = 0x00007ffcdfc78b30   rip = 0x0000000000aec15d
    Found by: stack scanning
110  xrun + 0x6eca62
    rsp = 0x00007ffcdfc78b40   rip = 0x0000000000aeca62
    Found by: stack scanning
111  xrun + 0x5253d7
    rsp = 0x00007ffcdfc78b80   rip = 0x00000000009253d7
    Found by: stack scanning
112  xrun + 0x5245cd
    rsp = 0x00007ffcdfc78bb0   rip = 0x00000000009245cd
    Found by: stack scanning
113  xrun + 0x527a29
    rsp = 0x00007ffcdfc78c20   rip = 0x0000000000927a29
    Found by: stack scanning
114  xrun + 0x52ff33
    rsp = 0x00007ffcdfc78c70   rip = 0x000000000092ff33
    Found by: stack scanning

Loaded modules:
0x00400000 - 0x014e5fff  xrun  ???  (main)  (WARNING: No symbols, xrun, 1CDBC5577098BDAFED3FD952AD5D3E410)
0x014e7000 - 0x0178afff  xrun  ???  (WARNING: No symbols, xrun, 000000000000000000000000000000000)
0x7fa05ac24000 - 0x7fa05acbcfff  libxmjudy.so.1.0.3  ???
0x7fa05acbd000 - 0x7fa05ad21fff  libcbreakpad.so  ???  (WARNING: No symbols, libcbreakpad.so, 07687801DAC04708E0C022CF80030B1D0)
0x7fa05ad22000 - 0x7fa05ad26fff  libcbreakpad.so  ???
0x7fa05ad2e000 - 0x7fa05ad8dfff  libpcre.so.1.2.0  ???
0x7fa05ad8e000 - 0x7fa05af8ffff  libpcre.so.1.2.0  ???
0x7fa05af90000 - 0x7fa05afb3fff  libselinux.so.1  ???
0x7fa05afb4000 - 0x7fa05b1b4fff  libselinux.so.1  ???
0x7fa05b1b7000 - 0x7fa05b1ccfff  libresolv-2.17.so  ???
0x7fa05b1cd000 - 0x7fa05b3cefff  libresolv-2.17.so  ???
0x7fa05b3d1000 - 0x7fa05b3d3fff  libkeyutils.so.1.5  ???
0x7fa05b3d4000 - 0x7fa05b5d4fff  libkeyutils.so.1.5  ???
0x7fa05b5d5000 - 0x7fa05b5e2fff  libkrb5support.so.0.1  ???
0x7fa05b5e3000 - 0x7fa05b7e4fff  libkrb5support.so.0.1  ???
0x7fa05b7e5000 - 0x7fa05b7f9fff  libz.so.1.2.7  ???
0x7fa05b7fa000 - 0x7fa05b9fafff  libz.so.1.2.7  ???
0x7fa05b9fb000 - 0x7fa05ba2bfff  libk5crypto.so.3.1  ???
0x7fa05ba2c000 - 0x7fa05bc2dfff  libk5crypto.so.3.1  ???
0x7fa05bc2e000 - 0x7fa05bc30fff  libcom_err.so.2.1  ???
0x7fa05bc31000 - 0x7fa05be31fff  libcom_err.so.2.1  ???
0x7fa05be32000 - 0x7fa05bf0afff  libkrb5.so.3.3  ???
0x7fa05bf0b000 - 0x7fa05c11afff  libkrb5.so.3.3  ???
0x7fa05c11b000 - 0x7fa05c164fff  libgssapi_krb5.so.2.2  ???
0x7fa05c165000 - 0x7fa05c367fff  libgssapi_krb5.so.2.2  ???
0x7fa05c368000 - 0x7fa05c52bfff  libc-2.17.so  ???  (WARNING: No symbols, libc-2.17.so, 3B05F82DDC3A3489CFEB0F11C1322EC60)
0x7fa05c52c000 - 0x7fa05c730fff  libc-2.17.so  ???  (WARNING: No symbols, libc-2.17.so, 000000000000000000000000000000000)
0x7fa05c736000 - 0x7fa05c74ffff  libgcc_s.so.1  ???
0x7fa05c750000 - 0x7fa05c850fff  libm-2.17.so  ???
0x7fa05c851000 - 0x7fa05ca51fff  libm-2.17.so  ???
0x7fa05ca52000 - 0x7fa05ca53fff  libdl-2.17.so  ???
0x7fa05ca54000 - 0x7fa05cc55fff  libdl-2.17.so  ???
0x7fa05cc56000 - 0x7fa05cc6cfff  libpthread-2.17.so  ???  (WARNING: No symbols, libpthread-2.17.so, F2C80CE132B93DFCAEDA22F8DAC5EBB90)
0x7fa05cc6d000 - 0x7fa05ce6dfff  libpthread-2.17.so  ???
0x7fa05ce72000 - 0x7fa05d0a8fff  libcrypto.so.1.0.2k  ???
0x7fa05d0a9000 - 0x7fa05d2d0fff  libcrypto.so.1.0.2k  ???
0x7fa05d2d5000 - 0x7fa05d33bfff  libssl.so.1.0.2k  ???
0x7fa05d33c000 - 0x7fa05d546fff  libssl.so.1.0.2k  ???
0x7fa05d547000 - 0x7fa05d568fff  ld-2.17.so  ???  (WARNING: No symbols, ld-2.17.so, 9749C46231431B34B08DCCE3859560A20)
0x7fa05d575000 - 0x7fa05d74bfff  libstdc++.so.6.0.28  ???  (WARNING: No symbols, libstdc++.so.6.0.28, 45962B5304507FBFFC729955451382EF0)
0x7fa05d768000 - 0x7fa05d769fff  ld-2.17.so  ???
0x7ffcdfdde000 - 0x7ffcdfddffff  linux-gate.so  ???

******BACKTRACE*****
<unknown> (libcbreakpad.so) [0x7fa05acf11a3]
<unknown> (libcbreakpad.so) [0x7fa05acf1630]
<unknown> (xrun) [0x945819]
<unknown> (xrun) [0x9475c5]
<unknown> (xrun) [0x9462c9]
<unknown> (xrun) [0x9475c5]
<unknown> (xrun) [0x8cf81f]
<unknown> (xrun) [0x8d055d]
<unknown> (xrun) [0x4c606b]
<unknown> (xrun) [0x55783c]
<unknown> (xrun) [0x4a4e49]
<unknown> (libc.so.6) [0x7fa05c38a555]
<unknown> (xrun) [0x4a4e79]
******BACKTRACE END*****