[INFO ] 2025-06-16 10:23:10 [com.cadence.softshare.service.LmApi] [shared-license-bridge-recheck-timer] - LmApi Version = SftShrDevJava20.01-p001
[INFO ] 2025-06-16 10:23:10 [com.cadence.softshare.service.LmApi] [shared-license-bridge-recheck-timer] - FlexNet Java Tool-Kit Version = 11.16
[INFO ] 2025-06-16 10:23:10 [com.cadence.softshare.service.LmApi] [shared-license-bridge-recheck-timer] - Begin parsing license server path configuration
[INFO ] 2025-06-16 10:23:10 [com.cadence.softshare.service.LmApi] [shared-license-bridge-recheck-timer] - Successfully parsed license server path configuration. License server path = 5280@ip-172-31-37-229.ap-south-1.compute.internal
[INFO ] 2025-06-16 10:23:10 [com.cadence.softshare.service.LmApi] [shared-license-bridge-recheck-timer] - Recheck started ....
[INFO ] 2025-06-16 10:23:10 [com.cadence.softshare.service.LmApi] [shared-license-bridge-recheck-timer] - Minimum recheck interval has elapsed. Will be doing a real recheck
[INFO ] 2025-06-16 10:23:10 [com.cadence.softshare.service.LmApi] [shared-license-bridge-recheck-timer] - lmiFailureCount = 0
[INFO ] 2025-06-16 10:23:10 [com.cadence.softshare.service.LmApi] [shared-license-bridge-recheck-timer] -   Time spent in server Recheck was 1
[INFO ] 2025-06-16 10:23:10 [com.cadence.softshare.service.LmApi] [shared-license-bridge-recheck-timer] - Re-check completed with status 0 (time 3).
[INFO ] 2025-06-16 10:23:11 [com.cadence.softshare.service.LmApi] [main] - Check-out (Increment) started ....
[INFO ] 2025-06-16 10:23:11 [com.cadence.softshare.service.LmApi] [main] - Checkout request received for 1 count of Integrated_Metrics_Center 22.0with queue mode = 0
[INFO ] 2025-06-16 10:23:11 [com.cadence.softshare.service.LmApi] [main] - Skipping handle setting for the checkout as it is disabled
[INFO ] 2025-06-16 10:23:11 [com.cadence.softshare.service.LmApi] [main] - Check-out (Increment) completed with status 0 (time 135).
[INFO ] 2025-06-16 10:23:11 [com.cadence.mdv.imc.Main] [main] - Binding debug tools http on port: 41491
[INFO ] 2025-06-16 10:23:58 [com.cadence.softshare.service.LmApi] [Thread-4] - CheckInAll started ....
[INFO ] 2025-06-16 10:23:58 [com.cadence.softshare.service.LmApi] [Thread-4] - Check-in of Integrated_Metrics_Center with count 1 was successful.
[INFO ] 2025-06-16 10:23:58 [com.cadence.softshare.service.LmApi] [Thread-4] - CheckInAll completed (time 1).
[INFO ] 2025-06-16 10:24:32 [com.cadence.softshare.service.LmApi] [shared-license-bridge-recheck-timer] - LmApi Version = SftShrDevJava20.01-p001
[INFO ] 2025-06-16 10:24:32 [com.cadence.softshare.service.LmApi] [shared-license-bridge-recheck-timer] - FlexNet Java Tool-Kit Version = 11.16
[INFO ] 2025-06-16 10:24:32 [com.cadence.softshare.service.LmApi] [shared-license-bridge-recheck-timer] - Begin parsing license server path configuration
[INFO ] 2025-06-16 10:24:32 [com.cadence.softshare.service.LmApi] [shared-license-bridge-recheck-timer] - Successfully parsed license server path configuration. License server path = 5280@ip-172-31-37-229.ap-south-1.compute.internal
[INFO ] 2025-06-16 10:24:32 [com.cadence.softshare.service.LmApi] [shared-license-bridge-recheck-timer] - Recheck started ....
[INFO ] 2025-06-16 10:24:32 [com.cadence.softshare.service.LmApi] [shared-license-bridge-recheck-timer] - Minimum recheck interval has elapsed. Will be doing a real recheck
[INFO ] 2025-06-16 10:24:32 [com.cadence.softshare.service.LmApi] [shared-license-bridge-recheck-timer] - lmiFailureCount = 0
[INFO ] 2025-06-16 10:24:32 [com.cadence.softshare.service.LmApi] [shared-license-bridge-recheck-timer] -   Time spent in server Recheck was 1
[INFO ] 2025-06-16 10:24:32 [com.cadence.softshare.service.LmApi] [shared-license-bridge-recheck-timer] - Re-check completed with status 0 (time 2).
[INFO ] 2025-06-16 10:24:33 [com.cadence.softshare.service.LmApi] [main] - Check-out (Increment) started ....
[INFO ] 2025-06-16 10:24:33 [com.cadence.softshare.service.LmApi] [main] - Checkout request received for 1 count of Integrated_Metrics_Center 22.0with queue mode = 0
[INFO ] 2025-06-16 10:24:33 [com.cadence.softshare.service.LmApi] [main] - Skipping handle setting for the checkout as it is disabled
[INFO ] 2025-06-16 10:24:33 [com.cadence.softshare.service.LmApi] [main] - Check-out (Increment) completed with status 0 (time 127).
[INFO ] 2025-06-16 10:24:33 [com.cadence.mdv.imc.Main] [main] - Binding debug tools http on port: 33663
[INFO ] 2025-06-16 10:29:32 [com.cadence.softshare.service.LmApi] [shared-license-bridge-recheck-timer] - Recheck started ....
[INFO ] 2025-06-16 10:29:32 [com.cadence.softshare.service.LmApi] [shared-license-bridge-recheck-timer] - Minimum recheck interval has elapsed. Will be doing a real recheck
[INFO ] 2025-06-16 10:29:32 [com.cadence.softshare.service.LmApi] [shared-license-bridge-recheck-timer] - lmiFailureCount = 0
[INFO ] 2025-06-16 10:29:32 [com.cadence.softshare.service.LmApi] [shared-license-bridge-recheck-timer] -   Checking feature Integrated_Metrics_Center
[INFO ] 2025-06-16 10:29:32 [com.cadence.softshare.service.LmApi] [shared-license-bridge-recheck-timer] - 5280@ip-172-31-37-229.ap-south-1.compute.internal Heartbeat Status for feature Integrated_Metrics_Center with checkout data ACD949072944 = 0
[INFO ] 2025-06-16 10:29:32 [com.cadence.softshare.service.LmApi] [shared-license-bridge-recheck-timer] - Skipping verify checkout handle as it is disabled
[INFO ] 2025-06-16 10:29:32 [com.cadence.softshare.service.LmApi] [shared-license-bridge-recheck-timer] - Skipping force checkin old handles as it is disabled
[INFO ] 2025-06-16 10:29:32 [com.cadence.softshare.service.LmApi] [shared-license-bridge-recheck-timer] -   Time spent in server Recheck was 2
[INFO ] 2025-06-16 10:29:32 [com.cadence.softshare.service.LmApi] [shared-license-bridge-recheck-timer] - Re-check completed with status 0 (time 2).
[INFO ] 2025-06-16 10:37:45 [com.cadence.softshare.service.LmApi] [shared-license-bridge-recheck-timer] - LmApi Version = SftShrDevJava20.01-p001
[INFO ] 2025-06-16 10:37:45 [com.cadence.softshare.service.LmApi] [shared-license-bridge-recheck-timer] - FlexNet Java Tool-Kit Version = 11.16
[INFO ] 2025-06-16 10:37:45 [com.cadence.softshare.service.LmApi] [shared-license-bridge-recheck-timer] - Begin parsing license server path configuration
[INFO ] 2025-06-16 10:37:45 [com.cadence.softshare.service.LmApi] [shared-license-bridge-recheck-timer] - Successfully parsed license server path configuration. License server path = 5280@ip-172-31-37-229.ap-south-1.compute.internal
[INFO ] 2025-06-16 10:37:45 [com.cadence.softshare.service.LmApi] [shared-license-bridge-recheck-timer] - Recheck started ....
[INFO ] 2025-06-16 10:37:45 [com.cadence.softshare.service.LmApi] [shared-license-bridge-recheck-timer] - Minimum recheck interval has elapsed. Will be doing a real recheck
[INFO ] 2025-06-16 10:37:45 [com.cadence.softshare.service.LmApi] [shared-license-bridge-recheck-timer] - lmiFailureCount = 0
[INFO ] 2025-06-16 10:37:45 [com.cadence.softshare.service.LmApi] [shared-license-bridge-recheck-timer] -   Time spent in server Recheck was 1
[INFO ] 2025-06-16 10:37:45 [com.cadence.softshare.service.LmApi] [shared-license-bridge-recheck-timer] - Re-check completed with status 0 (time 2).
[INFO ] 2025-06-16 10:37:46 [com.cadence.softshare.service.LmApi] [main] - Check-out (Increment) started ....
[INFO ] 2025-06-16 10:37:46 [com.cadence.softshare.service.LmApi] [main] - Checkout request received for 1 count of Integrated_Metrics_Center 22.0with queue mode = 0
[INFO ] 2025-06-16 10:37:46 [com.cadence.softshare.service.LmApi] [main] - Skipping handle setting for the checkout as it is disabled
[INFO ] 2025-06-16 10:37:46 [com.cadence.softshare.service.LmApi] [main] - Check-out (Increment) completed with status 0 (time 245).
[INFO ] 2025-06-16 10:37:46 [com.cadence.mdv.imc.Main] [main] - Binding debug tools http on port: 40765
[INFO ] 2025-06-16 10:39:16 [com.cadence.softshare.service.LmApi] [Thread-4] - CheckInAll started ....
[INFO ] 2025-06-16 10:39:16 [com.cadence.softshare.service.LmApi] [Thread-4] - Check-in of Integrated_Metrics_Center with count 1 was successful.
[INFO ] 2025-06-16 10:39:16 [com.cadence.softshare.service.LmApi] [Thread-4] - CheckInAll completed (time 2).
[INFO ] 2025-06-16 10:50:49 [com.cadence.softshare.service.LmApi] [shared-license-bridge-recheck-timer] - LmApi Version = SftShrDevJava20.01-p001
[INFO ] 2025-06-16 10:50:49 [com.cadence.softshare.service.LmApi] [shared-license-bridge-recheck-timer] - FlexNet Java Tool-Kit Version = 11.16
[INFO ] 2025-06-16 10:50:49 [com.cadence.softshare.service.LmApi] [shared-license-bridge-recheck-timer] - Begin parsing license server path configuration
[INFO ] 2025-06-16 10:50:49 [com.cadence.softshare.service.LmApi] [shared-license-bridge-recheck-timer] - Successfully parsed license server path configuration. License server path = 5280@ip-172-31-37-229.ap-south-1.compute.internal
[INFO ] 2025-06-16 10:50:49 [com.cadence.softshare.service.LmApi] [shared-license-bridge-recheck-timer] - Recheck started ....
[INFO ] 2025-06-16 10:50:49 [com.cadence.softshare.service.LmApi] [shared-license-bridge-recheck-timer] - Minimum recheck interval has elapsed. Will be doing a real recheck
[INFO ] 2025-06-16 10:50:49 [com.cadence.softshare.service.LmApi] [shared-license-bridge-recheck-timer] - lmiFailureCount = 0
[INFO ] 2025-06-16 10:50:49 [com.cadence.softshare.service.LmApi] [shared-license-bridge-recheck-timer] -   Time spent in server Recheck was 1
[INFO ] 2025-06-16 10:50:49 [com.cadence.softshare.service.LmApi] [shared-license-bridge-recheck-timer] - Re-check completed with status 0 (time 2).
[INFO ] 2025-06-16 10:50:50 [com.cadence.softshare.service.LmApi] [main] - Check-out (Increment) started ....
[INFO ] 2025-06-16 10:50:50 [com.cadence.softshare.service.LmApi] [main] - Checkout request received for 1 count of Integrated_Metrics_Center 22.0with queue mode = 0
[INFO ] 2025-06-16 10:50:50 [com.cadence.softshare.service.LmApi] [main] - Skipping handle setting for the checkout as it is disabled
[INFO ] 2025-06-16 10:50:50 [com.cadence.softshare.service.LmApi] [main] - Check-out (Increment) completed with status 0 (time 163).
[INFO ] 2025-06-16 10:50:50 [com.cadence.mdv.imc.Main] [main] - Binding debug tools http on port: 41157
[INFO ] 2025-06-16 10:51:17 [com.cadence.softshare.service.LmApi] [Thread-4] - CheckInAll started ....
[INFO ] 2025-06-16 10:51:17 [com.cadence.softshare.service.LmApi] [Thread-4] - Check-in of Integrated_Metrics_Center with count 1 was successful.
[INFO ] 2025-06-16 10:51:17 [com.cadence.softshare.service.LmApi] [Thread-4] - CheckInAll completed (time 3).
[INFO ] 2025-06-16 11:10:42 [com.cadence.softshare.service.LmApi] [shared-license-bridge-recheck-timer] - LmApi Version = SftShrDevJava20.01-p001
[INFO ] 2025-06-16 11:10:42 [com.cadence.softshare.service.LmApi] [shared-license-bridge-recheck-timer] - FlexNet Java Tool-Kit Version = 11.16
[INFO ] 2025-06-16 11:10:42 [com.cadence.softshare.service.LmApi] [shared-license-bridge-recheck-timer] - Begin parsing license server path configuration
[INFO ] 2025-06-16 11:10:42 [com.cadence.softshare.service.LmApi] [shared-license-bridge-recheck-timer] - Successfully parsed license server path configuration. License server path = 5280@ip-172-31-37-229.ap-south-1.compute.internal
[INFO ] 2025-06-16 11:10:42 [com.cadence.softshare.service.LmApi] [shared-license-bridge-recheck-timer] - Recheck started ....
[INFO ] 2025-06-16 11:10:42 [com.cadence.softshare.service.LmApi] [shared-license-bridge-recheck-timer] - Minimum recheck interval has elapsed. Will be doing a real recheck
[INFO ] 2025-06-16 11:10:42 [com.cadence.softshare.service.LmApi] [shared-license-bridge-recheck-timer] - lmiFailureCount = 0
[INFO ] 2025-06-16 11:10:42 [com.cadence.softshare.service.LmApi] [shared-license-bridge-recheck-timer] -   Time spent in server Recheck was 2
[INFO ] 2025-06-16 11:10:42 [com.cadence.softshare.service.LmApi] [shared-license-bridge-recheck-timer] - Re-check completed with status 0 (time 3).
[INFO ] 2025-06-16 11:10:43 [com.cadence.softshare.service.LmApi] [main] - Check-out (Increment) started ....
[INFO ] 2025-06-16 11:10:43 [com.cadence.softshare.service.LmApi] [main] - Checkout request received for 1 count of Integrated_Metrics_Center 22.0with queue mode = 0
[INFO ] 2025-06-16 11:10:43 [com.cadence.softshare.service.LmApi] [main] - Skipping handle setting for the checkout as it is disabled
[INFO ] 2025-06-16 11:10:43 [com.cadence.softshare.service.LmApi] [main] - Check-out (Increment) completed with status 0 (time 180).
[INFO ] 2025-06-16 11:10:44 [com.cadence.mdv.imc.Main] [main] - Binding debug tools http on port: 42609
[INFO ] 2025-06-16 11:11:50 [com.cadence.softshare.service.LmApi] [Thread-4] - CheckInAll started ....
[INFO ] 2025-06-16 11:11:50 [com.cadence.softshare.service.LmApi] [Thread-4] - Check-in of Integrated_Metrics_Center with count 1 was successful.
[INFO ] 2025-06-16 11:11:50 [com.cadence.softshare.service.LmApi] [Thread-4] - CheckInAll completed (time 1).
[INFO ] 2025-06-16 12:08:18 [com.cadence.softshare.service.LmApi] [shared-license-bridge-recheck-timer] - LmApi Version = SftShrDevJava20.01-p001
[INFO ] 2025-06-16 12:08:18 [com.cadence.softshare.service.LmApi] [shared-license-bridge-recheck-timer] - FlexNet Java Tool-Kit Version = 11.16
[INFO ] 2025-06-16 12:08:18 [com.cadence.softshare.service.LmApi] [shared-license-bridge-recheck-timer] - Begin parsing license server path configuration
[INFO ] 2025-06-16 12:08:18 [com.cadence.softshare.service.LmApi] [shared-license-bridge-recheck-timer] - Successfully parsed license server path configuration. License server path = 5280@ip-172-31-37-229.ap-south-1.compute.internal
[INFO ] 2025-06-16 12:08:18 [com.cadence.softshare.service.LmApi] [shared-license-bridge-recheck-timer] - Recheck started ....
[INFO ] 2025-06-16 12:08:18 [com.cadence.softshare.service.LmApi] [shared-license-bridge-recheck-timer] - Minimum recheck interval has elapsed. Will be doing a real recheck
[INFO ] 2025-06-16 12:08:18 [com.cadence.softshare.service.LmApi] [shared-license-bridge-recheck-timer] - lmiFailureCount = 0
[INFO ] 2025-06-16 12:08:18 [com.cadence.softshare.service.LmApi] [shared-license-bridge-recheck-timer] -   Time spent in server Recheck was 2
[INFO ] 2025-06-16 12:08:18 [com.cadence.softshare.service.LmApi] [shared-license-bridge-recheck-timer] - Re-check completed with status 0 (time 2).
[INFO ] 2025-06-16 12:08:19 [com.cadence.softshare.service.LmApi] [main] - Check-out (Increment) started ....
[INFO ] 2025-06-16 12:08:19 [com.cadence.softshare.service.LmApi] [main] - Checkout request received for 1 count of Integrated_Metrics_Center 22.0with queue mode = 0
[INFO ] 2025-06-16 12:08:19 [com.cadence.softshare.service.LmApi] [main] - Skipping handle setting for the checkout as it is disabled
[INFO ] 2025-06-16 12:08:19 [com.cadence.softshare.service.LmApi] [main] - Check-out (Increment) completed with status 0 (time 215).
[INFO ] 2025-06-16 12:08:19 [com.cadence.mdv.imc.Main] [main] - Binding debug tools http on port: 36703
[INFO ] 2025-06-16 12:08:47 [com.cadence.softshare.service.LmApi] [Thread-4] - CheckInAll started ....
[INFO ] 2025-06-16 12:08:47 [com.cadence.softshare.service.LmApi] [Thread-4] - Check-in of Integrated_Metrics_Center with count 1 was successful.
[INFO ] 2025-06-16 12:08:47 [com.cadence.softshare.service.LmApi] [Thread-4] - CheckInAll completed (time 1).
[INFO ] 2025-06-16 12:14:16 [com.cadence.softshare.service.LmApi] [shared-license-bridge-recheck-timer] - LmApi Version = SftShrDevJava20.01-p001
[INFO ] 2025-06-16 12:14:16 [com.cadence.softshare.service.LmApi] [shared-license-bridge-recheck-timer] - FlexNet Java Tool-Kit Version = 11.16
[INFO ] 2025-06-16 12:14:16 [com.cadence.softshare.service.LmApi] [shared-license-bridge-recheck-timer] - Begin parsing license server path configuration
[INFO ] 2025-06-16 12:14:16 [com.cadence.softshare.service.LmApi] [shared-license-bridge-recheck-timer] - Successfully parsed license server path configuration. License server path = 5280@ip-172-31-37-229.ap-south-1.compute.internal
[INFO ] 2025-06-16 12:14:16 [com.cadence.softshare.service.LmApi] [shared-license-bridge-recheck-timer] - Recheck started ....
[INFO ] 2025-06-16 12:14:16 [com.cadence.softshare.service.LmApi] [shared-license-bridge-recheck-timer] - Minimum recheck interval has elapsed. Will be doing a real recheck
[INFO ] 2025-06-16 12:14:16 [com.cadence.softshare.service.LmApi] [shared-license-bridge-recheck-timer] - lmiFailureCount = 0
[INFO ] 2025-06-16 12:14:16 [com.cadence.softshare.service.LmApi] [shared-license-bridge-recheck-timer] -   Time spent in server Recheck was 2
[INFO ] 2025-06-16 12:14:16 [com.cadence.softshare.service.LmApi] [shared-license-bridge-recheck-timer] - Re-check completed with status 0 (time 2).
[INFO ] 2025-06-16 12:14:18 [com.cadence.softshare.service.LmApi] [main] - Check-out (Increment) started ....
[INFO ] 2025-06-16 12:14:18 [com.cadence.softshare.service.LmApi] [main] - Checkout request received for 1 count of Integrated_Metrics_Center 22.0with queue mode = 0
[INFO ] 2025-06-16 12:14:18 [com.cadence.softshare.service.LmApi] [main] - Skipping handle setting for the checkout as it is disabled
[INFO ] 2025-06-16 12:14:18 [com.cadence.softshare.service.LmApi] [main] - Check-out (Increment) completed with status 0 (time 161).
[INFO ] 2025-06-16 12:14:18 [com.cadence.mdv.imc.Main] [main] - Binding debug tools http on port: 42501
[INFO ] 2025-06-16 12:14:43 [com.cadence.softshare.service.LmApi] [Thread-4] - CheckInAll started ....
[INFO ] 2025-06-16 12:14:43 [com.cadence.softshare.service.LmApi] [Thread-4] - Check-in of Integrated_Metrics_Center with count 1 was successful.
[INFO ] 2025-06-16 12:14:43 [com.cadence.softshare.service.LmApi] [Thread-4] - CheckInAll completed (time 5).
[INFO ] 2025-06-17 03:47:55 [com.cadence.softshare.service.LmApi] [shared-license-bridge-recheck-timer] - LmApi Version = SftShrDevJava20.01-p001
[INFO ] 2025-06-17 03:47:55 [com.cadence.softshare.service.LmApi] [shared-license-bridge-recheck-timer] - FlexNet Java Tool-Kit Version = 11.16
[INFO ] 2025-06-17 03:47:55 [com.cadence.softshare.service.LmApi] [shared-license-bridge-recheck-timer] - Begin parsing license server path configuration
[INFO ] 2025-06-17 03:47:55 [com.cadence.softshare.service.LmApi] [shared-license-bridge-recheck-timer] - Successfully parsed license server path configuration. License server path = 5280@ip-172-31-37-229.ap-south-1.compute.internal
[INFO ] 2025-06-17 03:47:55 [com.cadence.softshare.service.LmApi] [shared-license-bridge-recheck-timer] - Recheck started ....
[INFO ] 2025-06-17 03:47:55 [com.cadence.softshare.service.LmApi] [shared-license-bridge-recheck-timer] - Minimum recheck interval has elapsed. Will be doing a real recheck
[INFO ] 2025-06-17 03:47:55 [com.cadence.softshare.service.LmApi] [shared-license-bridge-recheck-timer] - lmiFailureCount = 0
[INFO ] 2025-06-17 03:47:55 [com.cadence.softshare.service.LmApi] [shared-license-bridge-recheck-timer] -   Time spent in server Recheck was 1
[INFO ] 2025-06-17 03:47:55 [com.cadence.softshare.service.LmApi] [shared-license-bridge-recheck-timer] - Re-check completed with status 0 (time 2).
[INFO ] 2025-06-17 03:47:56 [com.cadence.softshare.service.LmApi] [main] - Check-out (Increment) started ....
[INFO ] 2025-06-17 03:47:56 [com.cadence.softshare.service.LmApi] [main] - Checkout request received for 1 count of Integrated_Metrics_Center 22.0with queue mode = 0
[INFO ] 2025-06-17 03:47:56 [com.cadence.softshare.service.LmApi] [main] - Skipping handle setting for the checkout as it is disabled
[INFO ] 2025-06-17 03:47:56 [com.cadence.softshare.service.LmApi] [main] - Check-out (Increment) completed with status 0 (time 128).
[INFO ] 2025-06-17 03:47:56 [com.cadence.mdv.imc.Main] [main] - Binding debug tools http on port: 36972
[INFO ] 2025-06-17 03:49:44 [com.cadence.softshare.service.LmApi] [Thread-4] - CheckInAll started ....
[INFO ] 2025-06-17 03:49:44 [com.cadence.softshare.service.LmApi] [Thread-4] - Check-in of Integrated_Metrics_Center with count 1 was successful.
[INFO ] 2025-06-17 03:49:44 [com.cadence.softshare.service.LmApi] [Thread-4] - CheckInAll completed (time 1).
[INFO ] 2025-06-17 04:04:15 [com.cadence.softshare.service.LmApi] [shared-license-bridge-recheck-timer] - LmApi Version = SftShrDevJava20.01-p001
[INFO ] 2025-06-17 04:04:15 [com.cadence.softshare.service.LmApi] [shared-license-bridge-recheck-timer] - FlexNet Java Tool-Kit Version = 11.16
[INFO ] 2025-06-17 04:04:15 [com.cadence.softshare.service.LmApi] [shared-license-bridge-recheck-timer] - Begin parsing license server path configuration
[INFO ] 2025-06-17 04:04:15 [com.cadence.softshare.service.LmApi] [shared-license-bridge-recheck-timer] - Successfully parsed license server path configuration. License server path = 5280@ip-172-31-37-229.ap-south-1.compute.internal
[INFO ] 2025-06-17 04:04:15 [com.cadence.softshare.service.LmApi] [shared-license-bridge-recheck-timer] - Recheck started ....
[INFO ] 2025-06-17 04:04:15 [com.cadence.softshare.service.LmApi] [shared-license-bridge-recheck-timer] - Minimum recheck interval has elapsed. Will be doing a real recheck
[INFO ] 2025-06-17 04:04:15 [com.cadence.softshare.service.LmApi] [shared-license-bridge-recheck-timer] - lmiFailureCount = 0
[INFO ] 2025-06-17 04:04:15 [com.cadence.softshare.service.LmApi] [shared-license-bridge-recheck-timer] -   Time spent in server Recheck was 1
[INFO ] 2025-06-17 04:04:15 [com.cadence.softshare.service.LmApi] [shared-license-bridge-recheck-timer] - Re-check completed with status 0 (time 1).
[INFO ] 2025-06-17 04:04:16 [com.cadence.softshare.service.LmApi] [main] - Check-out (Increment) started ....
[INFO ] 2025-06-17 04:04:16 [com.cadence.softshare.service.LmApi] [main] - Checkout request received for 1 count of Integrated_Metrics_Center 22.0with queue mode = 0
[INFO ] 2025-06-17 04:04:17 [com.cadence.softshare.service.LmApi] [main] - Skipping handle setting for the checkout as it is disabled
[INFO ] 2025-06-17 04:04:17 [com.cadence.softshare.service.LmApi] [main] - Check-out (Increment) completed with status 0 (time 147).
[INFO ] 2025-06-17 04:04:17 [com.cadence.mdv.imc.Main] [main] - Binding debug tools http on port: 46872
[INFO ] 2025-06-17 04:07:26 [com.cadence.softshare.service.LmApi] [Thread-4] - CheckInAll started ....
[INFO ] 2025-06-17 04:07:26 [com.cadence.softshare.service.LmApi] [Thread-4] - Check-in of Integrated_Metrics_Center with count 1 was successful.
[INFO ] 2025-06-17 04:07:26 [com.cadence.softshare.service.LmApi] [Thread-4] - CheckInAll completed (time 3).
[INFO ] 2025-06-17 04:09:44 [com.cadence.softshare.service.LmApi] [shared-license-bridge-recheck-timer] - LmApi Version = SftShrDevJava20.01-p001
[INFO ] 2025-06-17 04:09:44 [com.cadence.softshare.service.LmApi] [shared-license-bridge-recheck-timer] - FlexNet Java Tool-Kit Version = 11.16
[INFO ] 2025-06-17 04:09:44 [com.cadence.softshare.service.LmApi] [shared-license-bridge-recheck-timer] - Begin parsing license server path configuration
[INFO ] 2025-06-17 04:09:44 [com.cadence.softshare.service.LmApi] [shared-license-bridge-recheck-timer] - Successfully parsed license server path configuration. License server path = 5280@ip-172-31-37-229.ap-south-1.compute.internal
[INFO ] 2025-06-17 04:09:44 [com.cadence.softshare.service.LmApi] [shared-license-bridge-recheck-timer] - Recheck started ....
[INFO ] 2025-06-17 04:09:44 [com.cadence.softshare.service.LmApi] [shared-license-bridge-recheck-timer] - Minimum recheck interval has elapsed. Will be doing a real recheck
[INFO ] 2025-06-17 04:09:44 [com.cadence.softshare.service.LmApi] [shared-license-bridge-recheck-timer] - lmiFailureCount = 0
[INFO ] 2025-06-17 04:09:44 [com.cadence.softshare.service.LmApi] [shared-license-bridge-recheck-timer] -   Time spent in server Recheck was 1
[INFO ] 2025-06-17 04:09:44 [com.cadence.softshare.service.LmApi] [shared-license-bridge-recheck-timer] - Re-check completed with status 0 (time 3).
[INFO ] 2025-06-17 04:09:45 [com.cadence.softshare.service.LmApi] [main] - Check-out (Increment) started ....
[INFO ] 2025-06-17 04:09:45 [com.cadence.softshare.service.LmApi] [main] - Checkout request received for 1 count of Integrated_Metrics_Center 22.0with queue mode = 0
[INFO ] 2025-06-17 04:09:45 [com.cadence.softshare.service.LmApi] [main] - Skipping handle setting for the checkout as it is disabled
[INFO ] 2025-06-17 04:09:45 [com.cadence.softshare.service.LmApi] [main] - Check-out (Increment) completed with status 0 (time 185).
[INFO ] 2025-06-17 04:09:45 [com.cadence.mdv.imc.Main] [main] - Binding debug tools http on port: 44034
[INFO ] 2025-06-17 04:13:19 [com.cadence.softshare.service.LmApi] [Thread-4] - CheckInAll started ....
[INFO ] 2025-06-17 04:13:19 [com.cadence.softshare.service.LmApi] [Thread-4] - Check-in of Integrated_Metrics_Center with count 1 was successful.
[INFO ] 2025-06-17 04:13:19 [com.cadence.softshare.service.LmApi] [Thread-4] - CheckInAll completed (time 1).
[INFO ] 2025-06-17 04:40:33 [com.cadence.softshare.service.LmApi] [shared-license-bridge-recheck-timer] - LmApi Version = SftShrDevJava20.01-p001
[INFO ] 2025-06-17 04:40:33 [com.cadence.softshare.service.LmApi] [shared-license-bridge-recheck-timer] - FlexNet Java Tool-Kit Version = 11.16
[INFO ] 2025-06-17 04:40:33 [com.cadence.softshare.service.LmApi] [shared-license-bridge-recheck-timer] - Begin parsing license server path configuration
[INFO ] 2025-06-17 04:40:33 [com.cadence.softshare.service.LmApi] [shared-license-bridge-recheck-timer] - Successfully parsed license server path configuration. License server path = 5280@ip-172-31-37-229.ap-south-1.compute.internal
[INFO ] 2025-06-17 04:40:33 [com.cadence.softshare.service.LmApi] [shared-license-bridge-recheck-timer] - Recheck started ....
[INFO ] 2025-06-17 04:40:33 [com.cadence.softshare.service.LmApi] [shared-license-bridge-recheck-timer] - Minimum recheck interval has elapsed. Will be doing a real recheck
[INFO ] 2025-06-17 04:40:33 [com.cadence.softshare.service.LmApi] [shared-license-bridge-recheck-timer] - lmiFailureCount = 0
[INFO ] 2025-06-17 04:40:33 [com.cadence.softshare.service.LmApi] [shared-license-bridge-recheck-timer] -   Time spent in server Recheck was 1
[INFO ] 2025-06-17 04:40:33 [com.cadence.softshare.service.LmApi] [shared-license-bridge-recheck-timer] - Re-check completed with status 0 (time 2).
[INFO ] 2025-06-17 04:40:35 [com.cadence.softshare.service.LmApi] [main] - Check-out (Increment) started ....
[INFO ] 2025-06-17 04:40:35 [com.cadence.softshare.service.LmApi] [main] - Checkout request received for 1 count of Integrated_Metrics_Center 22.0with queue mode = 0
[INFO ] 2025-06-17 04:40:35 [com.cadence.softshare.service.LmApi] [main] - Skipping handle setting for the checkout as it is disabled
[INFO ] 2025-06-17 04:40:35 [com.cadence.softshare.service.LmApi] [main] - Check-out (Increment) completed with status 0 (time 233).
[INFO ] 2025-06-17 04:40:35 [com.cadence.mdv.imc.Main] [main] - Binding debug tools http on port: 34931
[INFO ] 2025-06-17 04:43:26 [com.cadence.softshare.service.LmApi] [Thread-4] - CheckInAll started ....
[INFO ] 2025-06-17 04:43:26 [com.cadence.softshare.service.LmApi] [Thread-4] - Check-in of Integrated_Metrics_Center with count 1 was successful.
[INFO ] 2025-06-17 04:43:26 [com.cadence.softshare.service.LmApi] [Thread-4] - CheckInAll completed (time 1).
[INFO ] 2025-06-17 04:55:09 [com.cadence.softshare.service.LmApi] [shared-license-bridge-recheck-timer] - LmApi Version = SftShrDevJava20.01-p001
[INFO ] 2025-06-17 04:55:09 [com.cadence.softshare.service.LmApi] [shared-license-bridge-recheck-timer] - FlexNet Java Tool-Kit Version = 11.16
[INFO ] 2025-06-17 04:55:09 [com.cadence.softshare.service.LmApi] [shared-license-bridge-recheck-timer] - Begin parsing license server path configuration
[INFO ] 2025-06-17 04:55:09 [com.cadence.softshare.service.LmApi] [shared-license-bridge-recheck-timer] - Successfully parsed license server path configuration. License server path = 5280@ip-172-31-37-229.ap-south-1.compute.internal
[INFO ] 2025-06-17 04:55:09 [com.cadence.softshare.service.LmApi] [shared-license-bridge-recheck-timer] - Recheck started ....
[INFO ] 2025-06-17 04:55:09 [com.cadence.softshare.service.LmApi] [shared-license-bridge-recheck-timer] - Minimum recheck interval has elapsed. Will be doing a real recheck
[INFO ] 2025-06-17 04:55:09 [com.cadence.softshare.service.LmApi] [shared-license-bridge-recheck-timer] - lmiFailureCount = 0
[INFO ] 2025-06-17 04:55:09 [com.cadence.softshare.service.LmApi] [shared-license-bridge-recheck-timer] -   Time spent in server Recheck was 1
[INFO ] 2025-06-17 04:55:09 [com.cadence.softshare.service.LmApi] [shared-license-bridge-recheck-timer] - Re-check completed with status 0 (time 1).
[INFO ] 2025-06-17 04:55:10 [com.cadence.softshare.service.LmApi] [main] - Check-out (Increment) started ....
[INFO ] 2025-06-17 04:55:10 [com.cadence.softshare.service.LmApi] [main] - Checkout request received for 1 count of Integrated_Metrics_Center 22.0with queue mode = 0
[INFO ] 2025-06-17 04:55:10 [com.cadence.softshare.service.LmApi] [main] - Skipping handle setting for the checkout as it is disabled
[INFO ] 2025-06-17 04:55:10 [com.cadence.softshare.service.LmApi] [main] - Check-out (Increment) completed with status 0 (time 139).
[INFO ] 2025-06-17 04:55:10 [com.cadence.mdv.imc.Main] [main] - Binding debug tools http on port: 34057
[INFO ] 2025-06-17 04:55:45 [com.cadence.softshare.service.LmApi] [Thread-4] - CheckInAll started ....
[INFO ] 2025-06-17 04:55:45 [com.cadence.softshare.service.LmApi] [Thread-4] - Check-in of Integrated_Metrics_Center with count 1 was successful.
[INFO ] 2025-06-17 04:55:45 [com.cadence.softshare.service.LmApi] [Thread-4] - CheckInAll completed (time 1).
[INFO ] 2025-06-17 05:01:47 [com.cadence.softshare.service.LmApi] [shared-license-bridge-recheck-timer] - LmApi Version = SftShrDevJava20.01-p001
[INFO ] 2025-06-17 05:01:47 [com.cadence.softshare.service.LmApi] [shared-license-bridge-recheck-timer] - FlexNet Java Tool-Kit Version = 11.16
[INFO ] 2025-06-17 05:01:47 [com.cadence.softshare.service.LmApi] [shared-license-bridge-recheck-timer] - Begin parsing license server path configuration
[INFO ] 2025-06-17 05:01:47 [com.cadence.softshare.service.LmApi] [shared-license-bridge-recheck-timer] - Successfully parsed license server path configuration. License server path = 5280@ip-172-31-37-229.ap-south-1.compute.internal
[INFO ] 2025-06-17 05:01:47 [com.cadence.softshare.service.LmApi] [shared-license-bridge-recheck-timer] - Recheck started ....
[INFO ] 2025-06-17 05:01:47 [com.cadence.softshare.service.LmApi] [shared-license-bridge-recheck-timer] - Minimum recheck interval has elapsed. Will be doing a real recheck
[INFO ] 2025-06-17 05:01:47 [com.cadence.softshare.service.LmApi] [shared-license-bridge-recheck-timer] - lmiFailureCount = 0
[INFO ] 2025-06-17 05:01:47 [com.cadence.softshare.service.LmApi] [shared-license-bridge-recheck-timer] -   Time spent in server Recheck was 2
[INFO ] 2025-06-17 05:01:47 [com.cadence.softshare.service.LmApi] [shared-license-bridge-recheck-timer] - Re-check completed with status 0 (time 2).
[INFO ] 2025-06-17 05:01:48 [com.cadence.softshare.service.LmApi] [main] - Check-out (Increment) started ....
[INFO ] 2025-06-17 05:01:48 [com.cadence.softshare.service.LmApi] [main] - Checkout request received for 1 count of Integrated_Metrics_Center 22.0with queue mode = 0
[INFO ] 2025-06-17 05:01:49 [com.cadence.softshare.service.LmApi] [main] - Skipping handle setting for the checkout as it is disabled
[INFO ] 2025-06-17 05:01:49 [com.cadence.softshare.service.LmApi] [main] - Check-out (Increment) completed with status 0 (time 197).
[INFO ] 2025-06-17 05:01:49 [com.cadence.mdv.imc.Main] [main] - Binding debug tools http on port: 43613
[INFO ] 2025-06-17 05:02:27 [com.cadence.softshare.service.LmApi] [Thread-4] - CheckInAll started ....
[INFO ] 2025-06-17 05:02:27 [com.cadence.softshare.service.LmApi] [Thread-4] - Check-in of Integrated_Metrics_Center with count 1 was successful.
[INFO ] 2025-06-17 05:02:27 [com.cadence.softshare.service.LmApi] [Thread-4] - CheckInAll completed (time 1).
[INFO ] 2025-06-17 05:39:41 [com.cadence.softshare.service.LmApi] [shared-license-bridge-recheck-timer] - LmApi Version = SftShrDevJava20.01-p001
[INFO ] 2025-06-17 05:39:41 [com.cadence.softshare.service.LmApi] [shared-license-bridge-recheck-timer] - FlexNet Java Tool-Kit Version = 11.16
[INFO ] 2025-06-17 05:39:41 [com.cadence.softshare.service.LmApi] [shared-license-bridge-recheck-timer] - Begin parsing license server path configuration
[INFO ] 2025-06-17 05:39:41 [com.cadence.softshare.service.LmApi] [shared-license-bridge-recheck-timer] - Successfully parsed license server path configuration. License server path = 5280@ip-172-31-37-229.ap-south-1.compute.internal
[INFO ] 2025-06-17 05:39:41 [com.cadence.softshare.service.LmApi] [shared-license-bridge-recheck-timer] - Recheck started ....
[INFO ] 2025-06-17 05:39:41 [com.cadence.softshare.service.LmApi] [shared-license-bridge-recheck-timer] - Minimum recheck interval has elapsed. Will be doing a real recheck
[INFO ] 2025-06-17 05:39:41 [com.cadence.softshare.service.LmApi] [shared-license-bridge-recheck-timer] - lmiFailureCount = 0
[INFO ] 2025-06-17 05:39:41 [com.cadence.softshare.service.LmApi] [shared-license-bridge-recheck-timer] -   Time spent in server Recheck was 2
[INFO ] 2025-06-17 05:39:41 [com.cadence.softshare.service.LmApi] [shared-license-bridge-recheck-timer] - Re-check completed with status 0 (time 2).
[INFO ] 2025-06-17 05:39:42 [com.cadence.softshare.service.LmApi] [main] - Check-out (Increment) started ....
[INFO ] 2025-06-17 05:39:42 [com.cadence.softshare.service.LmApi] [main] - Checkout request received for 1 count of Integrated_Metrics_Center 22.0with queue mode = 0
[INFO ] 2025-06-17 05:39:42 [com.cadence.softshare.service.LmApi] [main] - Skipping handle setting for the checkout as it is disabled
[INFO ] 2025-06-17 05:39:42 [com.cadence.softshare.service.LmApi] [main] - Check-out (Increment) completed with status 0 (time 142).
[INFO ] 2025-06-17 05:39:42 [com.cadence.mdv.imc.Main] [main] - Binding debug tools http on port: 39866
[INFO ] 2025-06-17 05:43:36 [com.cadence.softshare.service.LmApi] [Thread-4] - CheckInAll started ....
[INFO ] 2025-06-17 05:43:36 [com.cadence.softshare.service.LmApi] [Thread-4] - Check-in of Integrated_Metrics_Center with count 1 was successful.
[INFO ] 2025-06-17 05:43:36 [com.cadence.softshare.service.LmApi] [Thread-4] - CheckInAll completed (time 2).
[INFO ] 2025-06-17 05:43:51 [com.cadence.softshare.service.LmApi] [shared-license-bridge-recheck-timer] - LmApi Version = SftShrDevJava20.01-p001
[INFO ] 2025-06-17 05:43:51 [com.cadence.softshare.service.LmApi] [shared-license-bridge-recheck-timer] - FlexNet Java Tool-Kit Version = 11.16
[INFO ] 2025-06-17 05:43:51 [com.cadence.softshare.service.LmApi] [shared-license-bridge-recheck-timer] - Begin parsing license server path configuration
[INFO ] 2025-06-17 05:43:51 [com.cadence.softshare.service.LmApi] [shared-license-bridge-recheck-timer] - Successfully parsed license server path configuration. License server path = 5280@ip-172-31-37-229.ap-south-1.compute.internal
[INFO ] 2025-06-17 05:43:51 [com.cadence.softshare.service.LmApi] [shared-license-bridge-recheck-timer] - Recheck started ....
[INFO ] 2025-06-17 05:43:51 [com.cadence.softshare.service.LmApi] [shared-license-bridge-recheck-timer] - Minimum recheck interval has elapsed. Will be doing a real recheck
[INFO ] 2025-06-17 05:43:51 [com.cadence.softshare.service.LmApi] [shared-license-bridge-recheck-timer] - lmiFailureCount = 0
[INFO ] 2025-06-17 05:43:51 [com.cadence.softshare.service.LmApi] [shared-license-bridge-recheck-timer] -   Time spent in server Recheck was 2
[INFO ] 2025-06-17 05:43:51 [com.cadence.softshare.service.LmApi] [shared-license-bridge-recheck-timer] - Re-check completed with status 0 (time 2).
[INFO ] 2025-06-17 05:43:52 [com.cadence.softshare.service.LmApi] [main] - Check-out (Increment) started ....
[INFO ] 2025-06-17 05:43:52 [com.cadence.softshare.service.LmApi] [main] - Checkout request received for 1 count of Integrated_Metrics_Center 22.0with queue mode = 0
[INFO ] 2025-06-17 05:43:52 [com.cadence.softshare.service.LmApi] [main] - Skipping handle setting for the checkout as it is disabled
[INFO ] 2025-06-17 05:43:52 [com.cadence.softshare.service.LmApi] [main] - Check-out (Increment) completed with status 0 (time 152).
[INFO ] 2025-06-17 05:43:53 [com.cadence.mdv.imc.Main] [main] - Binding debug tools http on port: 36190
[INFO ] 2025-06-17 05:48:42 [com.cadence.softshare.service.LmApi] [Thread-4] - CheckInAll started ....
[INFO ] 2025-06-17 05:48:42 [com.cadence.softshare.service.LmApi] [Thread-4] - Check-in of Integrated_Metrics_Center with count 1 was successful.
[INFO ] 2025-06-17 05:48:42 [com.cadence.softshare.service.LmApi] [Thread-4] - CheckInAll completed (time 2).
[INFO ] 2025-06-17 05:52:19 [com.cadence.softshare.service.LmApi] [shared-license-bridge-recheck-timer] - LmApi Version = SftShrDevJava20.01-p001
[INFO ] 2025-06-17 05:52:19 [com.cadence.softshare.service.LmApi] [shared-license-bridge-recheck-timer] - FlexNet Java Tool-Kit Version = 11.16
[INFO ] 2025-06-17 05:52:19 [com.cadence.softshare.service.LmApi] [shared-license-bridge-recheck-timer] - Begin parsing license server path configuration
[INFO ] 2025-06-17 05:52:19 [com.cadence.softshare.service.LmApi] [shared-license-bridge-recheck-timer] - Successfully parsed license server path configuration. License server path = 5280@ip-172-31-37-229.ap-south-1.compute.internal
[INFO ] 2025-06-17 05:52:19 [com.cadence.softshare.service.LmApi] [shared-license-bridge-recheck-timer] - Recheck started ....
[INFO ] 2025-06-17 05:52:19 [com.cadence.softshare.service.LmApi] [shared-license-bridge-recheck-timer] - Minimum recheck interval has elapsed. Will be doing a real recheck
[INFO ] 2025-06-17 05:52:19 [com.cadence.softshare.service.LmApi] [shared-license-bridge-recheck-timer] - lmiFailureCount = 0
[INFO ] 2025-06-17 05:52:19 [com.cadence.softshare.service.LmApi] [shared-license-bridge-recheck-timer] -   Time spent in server Recheck was 1
[INFO ] 2025-06-17 05:52:19 [com.cadence.softshare.service.LmApi] [shared-license-bridge-recheck-timer] - Re-check completed with status 0 (time 1).
[INFO ] 2025-06-17 05:52:21 [com.cadence.softshare.service.LmApi] [main] - Check-out (Increment) started ....
[INFO ] 2025-06-17 05:52:21 [com.cadence.softshare.service.LmApi] [main] - Checkout request received for 1 count of Integrated_Metrics_Center 22.0with queue mode = 0
[INFO ] 2025-06-17 05:52:21 [com.cadence.softshare.service.LmApi] [main] - Skipping handle setting for the checkout as it is disabled
[INFO ] 2025-06-17 05:52:21 [com.cadence.softshare.service.LmApi] [main] - Check-out (Increment) completed with status 0 (time 237).
[INFO ] 2025-06-17 05:52:22 [com.cadence.mdv.imc.Main] [main] - Binding debug tools http on port: 32940
[INFO ] 2025-06-17 05:54:05 [com.cadence.softshare.service.LmApi] [Thread-4] - CheckInAll started ....
[INFO ] 2025-06-17 05:54:05 [com.cadence.softshare.service.LmApi] [Thread-4] - Check-in of Integrated_Metrics_Center with count 1 was successful.
[INFO ] 2025-06-17 05:54:05 [com.cadence.softshare.service.LmApi] [Thread-4] - CheckInAll completed (time 2).
